/home/hd/hd_hd/hd_il278/.conda/envs/xlstm/lib/python3.11/site-packages/pandas/core/computation/expressions.py:21: UserWarning: Pandas requires version '2.8.4' or newer of 'numexpr' (version '2.8.3' currently installed).
  from pandas.core.computation.check import NUMEXPR_INSTALLED
Detected kernel version 4.18.0, which is below the recommended minimum of 5.5.0; this can cause the process to hang. It is recommended to upgrade the kernel to the minimum version or higher.
No CUDA runtime is found, using CUDA_HOME='/home/hd/hd_hd/hd_il278/.conda/envs/xlstm'
wandb: Currently logged in as: ole-decker-od (ole-decker-od-heidelberg-university). Use `wandb login --relogin` to force relogin
wandb: wandb version 0.21.0 is available!  To upgrade, please run:
wandb:  $ pip install wandb --upgrade
wandb: Tracking run with wandb version 0.17.6
wandb: Run data is saved locally in /gpfs/bwfor/work/ws/hd_il278-helibrunna/helibrunna/wandb/run-20250723_201158-e23ptgkh
wandb: Run `wandb offline` to turn off syncing.
wandb: Syncing run run_20250723-2011-xlstm_uniprot_multilabel_from_scratch
wandb: ⭐️ View project at https://wandb.ai/ole-decker-od-heidelberg-university/xlstm_uniprot_multilabel_from_scratch
wandb: 🚀 View run at https://wandb.ai/ole-decker-od-heidelberg-university/xlstm_uniprot_multilabel_from_scratch/runs/e23ptgkh
Training:   0%|[32m          [0m| 0/156997 [00:00<?, ?step/s]/home/hd/hd_hd/hd_il278/.conda/envs/xlstm/lib/python3.11/site-packages/torch/autograd/graph.py:769: UserWarning: Error detected in ExpBackward0. Traceback of forward call that caused the error:
  File "/gpfs/bwfor/work/ws/hd_il278-helibrunna/helibrunna/train.py", line 1479, in <module>
    fire.Fire(main)
  File "/home/hd/hd_hd/hd_il278/.conda/envs/xlstm/lib/python3.11/site-packages/fire/core.py", line 143, in Fire
    component_trace = _Fire(component, args, parsed_flag_args, context, name)
  File "/home/hd/hd_hd/hd_il278/.conda/envs/xlstm/lib/python3.11/site-packages/fire/core.py", line 477, in _Fire
    component, remaining_args = _CallAndUpdateTrace(
  File "/home/hd/hd_hd/hd_il278/.conda/envs/xlstm/lib/python3.11/site-packages/fire/core.py", line 693, in _CallAndUpdateTrace
    component = fn(*varargs, **kwargs)
  File "/gpfs/bwfor/work/ws/hd_il278-helibrunna/helibrunna/train.py", line 362, in main
    run_training(config_paths)
  File "/gpfs/bwfor/work/ws/hd_il278-helibrunna/helibrunna/train.py", line 642, in run_training
    outputs = model(inputs)
  File "/home/hd/hd_hd/hd_il278/.conda/envs/xlstm/lib/python3.11/site-packages/torch/nn/modules/module.py", line 1553, in _wrapped_call_impl
    return self._call_impl(*args, **kwargs)
  File "/home/hd/hd_hd/hd_il278/.conda/envs/xlstm/lib/python3.11/site-packages/torch/nn/modules/module.py", line 1562, in _call_impl
    return forward_call(*args, **kwargs)
  File "/home/hd/hd_hd/hd_il278/.conda/envs/xlstm/lib/python3.11/site-packages/xlstm/xlstm_lm_model.py", line 52, in forward
    x = self.xlstm_block_stack(x)
  File "/home/hd/hd_hd/hd_il278/.conda/envs/xlstm/lib/python3.11/site-packages/torch/nn/modules/module.py", line 1553, in _wrapped_call_impl
    return self._call_impl(*args, **kwargs)
  File "/home/hd/hd_hd/hd_il278/.conda/envs/xlstm/lib/python3.11/site-packages/torch/nn/modules/module.py", line 1562, in _call_impl
    return forward_call(*args, **kwargs)
  File "/home/hd/hd_hd/hd_il278/.conda/envs/xlstm/lib/python3.11/site-packages/xlstm/xlstm_block_stack.py", line 120, in forward
    x = block(x, **kwargs)
  File "/home/hd/hd_hd/hd_il278/.conda/envs/xlstm/lib/python3.11/site-packages/torch/nn/modules/module.py", line 1553, in _wrapped_call_impl
    return self._call_impl(*args, **kwargs)
  File "/home/hd/hd_hd/hd_il278/.conda/envs/xlstm/lib/python3.11/site-packages/torch/nn/modules/module.py", line 1562, in _call_impl
    return forward_call(*args, **kwargs)
  File "/home/hd/hd_hd/hd_il278/.conda/envs/xlstm/lib/python3.11/site-packages/xlstm/blocks/xlstm_block.py", line 77, in forward
    x = x + self.xlstm(self.xlstm_norm(x), **kwargs)
  File "/home/hd/hd_hd/hd_il278/.conda/envs/xlstm/lib/python3.11/site-packages/torch/nn/modules/module.py", line 1553, in _wrapped_call_impl
    return self._call_impl(*args, **kwargs)
  File "/home/hd/hd_hd/hd_il278/.conda/envs/xlstm/lib/python3.11/site-packages/torch/nn/modules/module.py", line 1562, in _call_impl
    return forward_call(*args, **kwargs)
  File "/home/hd/hd_hd/hd_il278/.conda/envs/xlstm/lib/python3.11/site-packages/xlstm/blocks/mlstm/layer.py", line 116, in forward
    h_tilde_state = self.mlstm_cell(q=q, k=k, v=v)
  File "/home/hd/hd_hd/hd_il278/.conda/envs/xlstm/lib/python3.11/site-packages/torch/nn/modules/module.py", line 1553, in _wrapped_call_impl
    return self._call_impl(*args, **kwargs)
  File "/home/hd/hd_hd/hd_il278/.conda/envs/xlstm/lib/python3.11/site-packages/torch/nn/modules/module.py", line 1562, in _call_impl
    return forward_call(*args, **kwargs)
  File "/home/hd/hd_hd/hd_il278/.conda/envs/xlstm/lib/python3.11/site-packages/xlstm/blocks/mlstm/cell.py", line 61, in forward
    h_state = self.backend_fn(
  File "/home/hd/hd_hd/hd_il278/.conda/envs/xlstm/lib/python3.11/site-packages/xlstm/blocks/mlstm/backends.py", line 83, in parallel_stabilized_simple
    normalizer = torch.maximum(C_matrix.sum(dim=-1, keepdim=True).abs(), torch.exp(-max_log_D))  # (B, NH, S, 1)
 (Triggered internally at ../torch/csrc/autograd/python_anomaly_mode.cpp:111.)
  return Variable._execution_engine.run_backward(  # Calls into the C++ engine to run the backward pass
Traceback (most recent call last):
  File "/gpfs/bwfor/work/ws/hd_il278-helibrunna/helibrunna/train.py", line 1479, in <module>
    fire.Fire(main)
  File "/home/hd/hd_hd/hd_il278/.conda/envs/xlstm/lib/python3.11/site-packages/fire/core.py", line 143, in Fire
    component_trace = _Fire(component, args, parsed_flag_args, context, name)
                      ^^^^^^^^^^^^^^^^^^^^^^^^^^^^^^^^^^^^^^^^^^^^^^^^^^^^^^^
  File "/home/hd/hd_hd/hd_il278/.conda/envs/xlstm/lib/python3.11/site-packages/fire/core.py", line 477, in _Fire
    component, remaining_args = _CallAndUpdateTrace(
                                ^^^^^^^^^^^^^^^^^^^^
  File "/home/hd/hd_hd/hd_il278/.conda/envs/xlstm/lib/python3.11/site-packages/fire/core.py", line 693, in _CallAndUpdateTrace
    component = fn(*varargs, **kwargs)
                ^^^^^^^^^^^^^^^^^^^^^^
  File "/gpfs/bwfor/work/ws/hd_il278-helibrunna/helibrunna/train.py", line 362, in main
    run_training(config_paths)
  File "/gpfs/bwfor/work/ws/hd_il278-helibrunna/helibrunna/train.py", line 650, in run_training
    accelerator.backward(loss)
  File "/home/hd/hd_hd/hd_il278/.conda/envs/xlstm/lib/python3.11/site-packages/accelerate/accelerator.py", line 2159, in backward
    loss.backward(**kwargs)
  File "/home/hd/hd_hd/hd_il278/.conda/envs/xlstm/lib/python3.11/site-packages/torch/_tensor.py", line 521, in backward
    torch.autograd.backward(
  File "/home/hd/hd_hd/hd_il278/.conda/envs/xlstm/lib/python3.11/site-packages/torch/autograd/__init__.py", line 289, in backward
    _engine_run_backward(
  File "/home/hd/hd_hd/hd_il278/.conda/envs/xlstm/lib/python3.11/site-packages/torch/autograd/graph.py", line 769, in _engine_run_backward
    return Variable._execution_engine.run_backward(  # Calls into the C++ engine to run the backward pass
           ^^^^^^^^^^^^^^^^^^^^^^^^^^^^^^^^^^^^^^^^^^^^^^^^^^^^^^^^^^^^^^^^^^^^^^^^^^^^^^^^^^^^^^^^^^^^^^
RuntimeError: Function 'ExpBackward0' returned nan values in its 0th output.
wandb: - 0.007 MB of 0.007 MB uploadedwandb: \ 0.032 MB of 0.032 MB uploadedwandb: 🚀 View run run_20250723-2011-xlstm_uniprot_multilabel_from_scratch at: https://wandb.ai/ole-decker-od-heidelberg-university/xlstm_uniprot_multilabel_from_scratch/runs/e23ptgkh
wandb: ⭐️ View project at: https://wandb.ai/ole-decker-od-heidelberg-university/xlstm_uniprot_multilabel_from_scratch
wandb: Synced 6 W&B file(s), 0 media file(s), 0 artifact file(s) and 0 other file(s)
wandb: Find logs at: ./wandb/run-20250723_201158-e23ptgkh/logs
wandb: WARNING The new W&B backend becomes opt-out in version 0.18.0; try it out with `wandb.require("core")`! See https://wandb.me/wandb-core for more information.
